*********************************************
Bandit Level 0:
=========================================
Level Goal

The goal of this level is for you to log into the game using SSH. The host to which you need to connect is bandit.labs.overthewire.org, on port 2220. The username is bandit0 and the password is bandit0. Once logged in, go to the Level 1 page to find out how to beat Level 1.
Commands you may need to solve this level

ssh
Helpful Reading Material

    Secure Shell (SSH) on Wikipedia
    How to use SSH on wikiHow

Sol:
root@BLACKTIG3R-PC:~/# ssh bandit0@bandit.labs.overthewire.org -p 2220
This is a OverTheWire game server. More information on http://www.overthewire.org/wargames
bandit0@bandit.labs.overthewire.org's password: 

Enter password bandit0
bandit0@bandit:~$ ls
readme
bandit0@bandit:~$ cat readme
boJ9jbbUNNfktd78OOpsqOltutMc3MY1
bandit0@bandit:~$ 
*****************************************************
Bandit Level 0 → Level 1
=============================================
Level Goal

The password for the next level is stored in a file called readme located in the home directory. Use this password to log into bandit1 using SSH. Whenever you find a password for a level, use SSH (on port 2220) to log into that level and continue the game.
Commands you may need to solve this level

ls, cd, cat, file, du, find

Sol:
> Use the password which we gathered from read me file in level0
> Use username bendit1 as a username

bandit1@bandit:~$ ls -la
total 24
-rw-r-----  1 bandit2 bandit1   33 Dec 28 14:34 -
drwxr-xr-x  2 root    root    4096 Dec 28 14:34 .
drwxr-xr-x 29 root    root    4096 Dec 28 14:34 ..
-rw-r--r--  1 root    root     220 Sep  1  2015 .bash_logout
-rw-r--r--  1 root    root    3771 Sep  1  2015 .bashrc
-rw-r--r--  1 root    root     655 Jun 24  2016 .profile
**************************************************
Bandit Level 1 → Level 2
===========================================
Level Goal

The password for the next level is stored in a file called - located in the home directory
Commands you may need to solve this level

ls, cd, cat, file, du, find
Helpful Reading Material

    Google Search for “dashed filename”
    Advanced Bash-scripting Guide - Chapter 3 - Special Characters

Sol:
> To read '-' named file set path with ./ for file
bandit1@bandit:~$ cat ./-
CV1DtqXWVFXTvM2F0k09SHz0YwRINYA9
bandit1@bandit:~$ 

***************************************************
Bandit Level 2 → Level 3
==================================================
Level Goal

The password for the next level is stored in a file called spaces in this filename located in the home directory
Commands you may need to solve this level

ls, cd, cat, file, du, find
Helpful Reading Material

    Google Search for “spaces in filename”
Sol:
root@BLACKTIG3R-PC:~/# ssh bandit2@bandit.labs.overthewire.org -p 2220 
This is a OverTheWire game server. More information on http://www.overthewire.org/wargames
bandit2@bandit.labs.overthewire.org's password: CV1DtqXWVFXTvM2F0k09SHz0YwRINYA9
bandit2@bandit:~$ ls -la
total 24
drwxr-xr-x  2 root    root    4096 Dec 28 14:34 .
drwxr-xr-x 29 root    root    4096 Dec 28 14:34 ..
-rw-r--r--  1 root    root     220 Sep  1  2015 .bash_logout
-rw-r--r--  1 root    root    3771 Sep  1  2015 .bashrc
-rw-r--r--  1 root    root     655 Jun 24  2016 .profile
-rw-r-----  1 bandit3 bandit2   33 Dec 28 14:34 spaces in this filename
> To read file name with the spaces you have to use "\<space>" for each space
  or
  simply cat first_name<hit tab button>

bandit2@bandit:~$ cat spaces\ in\ this\ filename 
UmHadQclWmgdLOKQ3YNgjWxGoRMb5luK
******************************************************
Bandit Level 3 → Level 4
======================================================
Level Goal

The password for the next level is stored in a hidden file in the inhere directory.
Commands you may need to solve this level

ls, cd, cat, file, du, find
Sol:

root@BLACKTIG3R-PC:~# ssh bandit3@bandit.labs.overthewire.org -p 2220 
This is a OverTheWire game server. More information on http://www.overthewire.org/wargames
bandit3@bandit.labs.overthewire.org's password:

bandit3@bandit:~$ ls -la
total 24
drwxr-xr-x  3 root root 4096 Dec 28 14:34 .
drwxr-xr-x 29 root root 4096 Dec 28 14:34 ..
-rw-r--r--  1 root root  220 Sep  1  2015 .bash_logout
-rw-r--r--  1 root root 3771 Sep  1  2015 .bashrc
-rw-r--r--  1 root root  655 Jun 24  2016 .profile
drwxr-xr-x  2 root root 4096 Dec 28 14:34 inhere
bandit3@bandit:~$ cd inhere/
bandit3@bandit:~/inhere$ ls
bandit3@bandit:~/inhere$ ls -la
total 12
drwxr-xr-x 2 root    root    4096 Dec 28 14:34 .
drwxr-xr-x 3 root    root    4096 Dec 28 14:34 ..
-rw-r----- 1 bandit4 bandit3   33 Dec 28 14:34 .hidden
bandit3@bandit:~/inhere$ cat .hidden 
pIwrPrtPN36QITSp3EQaw936yaFoFgAB
bandit3@bandit:~/inhere$ 
************************************************
Bandit Level 4 → Level 5
===============================================
Level Goal

The password for the next level is stored in the only human-readable file in the inhere directory. Tip: if your terminal is messed up, try the “reset” command.
Commands you may need to solve this level

ls, cd, cat, file, du, find

Sol:
root@BLACKTIG3R-PC:~# ssh bandit4@bandit.labs.overthewire.org -p 2220
This is a OverTheWire game server. More information on http://www.overthewire.org/wargames
bandit4@bandit.labs.overthewire.org's password: 


bandit4@bandit:~/$ cd in here
bandit4@bandit:~/inhere$ cat ./-file00
ykC6q�+���z�C|����M�    �rkA����Abandit4@bandit:~/inhere$ 
bandit4@bandit:~/inhere$ cat ./-file01
����L�
      ���]�SN▒��r+�l��2�bandit4@bandit:~/inhere$ 
bandit4@bandit:~/inhere$ cat ./-file02
�iń:5���mp6�W{�
               /�
                 �����%�Rbandit4@bandit:~/inhere$ 
bandit4@bandit:~/inhere$ cat ./-file03
�O��,-�
       ����t���T��W��Lv�<d���3qbandit4@bandit:~/inhere$ 
bandit4@bandit:~/inhere$ cat ./-file04
�
 &�=�[_��`ɝ�m�=�`�V�zs�9���_bandit4@bandit:~/inhere$ 
bandit4@bandit:~/inhere$ cat ./-file05 
o˔�M@�Z����������VƊ\%���+�bandit4@bandit:~/inhere$              
bandit4@bandit:~/inhere$ cat ./-file06
�!G kT�8��Õxj�ys�Ƶ�ʑjꮥObandit4@bandit:~/inhere$ 


bandit4@bandit:~/inhere$ cat ./-file07
koReBOKuIDDepwhWk7jZC0RTdopnAYKh
bandit4@bandit:~/inhere$
*****************************************************
Bandit Level 5 → Level 6
==================================================
Level Goal

The password for the next level is stored in a file somewhere under the inhere directory and has all of the following properties:

    human-readable
    1033 bytes in size
    not executable

Commands you may need to solve this level

ls, cd, cat, file, du, find

Sol:
root@BLACKTIG3R-PC:~# ssh bandit5@bandit.labs.overthewire.org -p 2220
This is a OverTheWire game server. More information on http://www.overthewire.org/wargames
bandit4@bandit.labs.overthewire.org's password: 

bandit5@bandit:~/inhere$ ls -l
total 80
drwxr-x--- 2 root bandit5 4096 Dec 28 14:34 maybehere00
drwxr-x--- 2 root bandit5 4096 Dec 28 14:34 maybehere01
drwxr-x--- 2 root bandit5 4096 Dec 28 14:34 maybehere02
drwxr-x--- 2 root bandit5 4096 Dec 28 14:34 maybehere03
drwxr-x--- 2 root bandit5 4096 Dec 28 14:34 maybehere04
drwxr-x--- 2 root bandit5 4096 Dec 28 14:34 maybehere05
drwxr-x--- 2 root bandit5 4096 Dec 28 14:34 maybehere06
drwxr-x--- 2 root bandit5 4096 Dec 28 14:34 maybehere07
drwxr-x--- 2 root bandit5 4096 Dec 28 14:34 maybehere08
drwxr-x--- 2 root bandit5 4096 Dec 28 14:34 maybehere09
drwxr-x--- 2 root bandit5 4096 Dec 28 14:34 maybehere10
drwxr-x--- 2 root bandit5 4096 Dec 28 14:34 maybehere11
drwxr-x--- 2 root bandit5 4096 Dec 28 14:34 maybehere12
drwxr-x--- 2 root bandit5 4096 Dec 28 14:34 maybehere13
drwxr-x--- 2 root bandit5 4096 Dec 28 14:34 maybehere14
drwxr-x--- 2 root bandit5 4096 Dec 28 14:34 maybehere15
drwxr-x--- 2 root bandit5 4096 Dec 28 14:34 maybehere16
drwxr-x--- 2 root bandit5 4096 Dec 28 14:34 maybehere17
drwxr-x--- 2 root bandit5 4096 Dec 28 14:34 maybehere18
drwxr-x--- 2 root bandit5 4096 Dec 28 14:34 maybehere19
bandit5@bandit:~/inhere$ find -readable -size 1033c ! -executable         
./maybehere07/.file2
bandit5@bandit:~/inhere$ cd maybehere07      
bandit5@bandit:~/inhere/maybehere07$ ls
-file1  -file2  -file3  spaces file1  spaces file2  spaces file3
bandit5@bandit:~/inhere/maybehere07$ cat .file
cat: .file: No such file or directory
bandit5@bandit:~/inhere/maybehere07$ cat .file2
DXjZPULLxYr17uwoI01bNLQbtFemEgo7
*******************************************************************
Bandit Level 6 → Level 7
================================================================
Level Goal

The password for the next level is stored somewhere on the server and has all of the following properties:

    owned by user bandit7
    owned by group bandit6
    33 bytes in size

Commands you may need to solve this level

ls, cd, cat, file, du, find, grep

Sol:

root@BLACKTIG3R-PC:~# ssh bandit6@bandit.labs.overthewire.org -p 2220
This is a OverTheWire game server. More information on http://www.overthewire.org/wargames
bandit4@bandit.labs.overthewire.org's password: 

bandit6@bandit:~$ find / -group bandit6 -user bandit7
find: '/etc/ssl/private': Permission denied
find: '/etc/polkit-1/localauthority': Permission denied
find: '/run/lxcfs': Permission denied
find: '/run/user/11010': Permission denied
find: '/run/user/11007': Permission denied
find: '/run/user/11022': Permission denied
find: '/run/user/11017': Permission denied
find: '/run/user/11009': Permission denied
find: '/run/user/11012': Permission denied
find: '/run/user/11015': Permission denied
find: '/run/user/11003': Permission denied
find: '/run/user/11025': Permission denied
find: '/run/user/11005': Permission denied
find: '/run/user/11024': Permission denied
find: '/run/user/11001': Permission denied
find: '/run/user/11016': Permission denied
find: '/run/user/11000': Permission denied
find: '/run/user/11002': Permission denied
find: '/run/user/11013': Permission denied
find: '/run/user/11014': Permission denied
find: '/run/user/11020': Permission denied
find: '/run/user/11019': Permission denied
find: '/run/user/11023': Permission denied
find: '/run/user/0': Permission denied
find: '/run/sudo': Permission denied
find: '/run/log/journal/0d8e66480c320675a338622759f86ace': Permission denied
find: '/run/lvm': Permission denied
find: '/run/systemd/ask-password-block': Permission denied
find: '/run/systemd/inaccessible': Permission denied
find: '/run/lock/lvm': Permission denied
find: '/dev/mqueue': Permission denied
find: '/dev/shm': Permission denied
find: '/lost+found': Permission denied
find: '/root': Permission denied
find: '/home/bandit5/inhere': Permission denied
find: '/var/log': Permission denied
find: '/var/lib/puppet': Permission denied
find: '/var/lib/apt/lists/partial': Permission denied
/var/lib/dpkg/info/bandit7.password
find: '/var/lib/polkit-1': Permission denied
find: '/var/spool/rsyslog': Permission denied
find: '/var/spool/bandit24': Permission denied
find: '/var/spool/cron/atspool': Permission denied
find: '/var/spool/cron/atjobs': Permission denied
find: '/var/spool/cron/crontabs': Permission denied
find: '/var/crash': Permission denied
find: '/var/tmp': Permission denied
find: '/var/cache/apt/archives/partial': Permission denied
find: '/var/cache/ldconfig': Permission denied
find: '/tmp': Permission denied
find: '/sys/fs/fuse/connections/39': Permission denied
find: '/sys/kernel/debug': Permission denied
find: '/proc/tty/driver': Permission denied
find: '/proc/17481/task/17481/fd/6': No such file or directory
find: '/proc/17481/task/17481/fdinfo/6': No such file or directory
find: '/proc/17481/fd/5': No such file or directory
find: '/proc/17481/fdinfo/5': No such file or directory
bandit6@bandit:~$ cat /var/lib/dpkg/info/bandit7.password
HKBPTKQnIay4Fw76bEy8PVxKEDQRKTzs
bandit6@bandit:~$ 
*******************************************************
Bandit Level 7 → Level 8
======================================================
Level Goal

The password for the next level is stored in the file data.txt next to the word millionth
Commands you may need to solve this level

grep, sort, uniq, strings, base64, tr, tar, gzip, bzip2, xxd

Sol:
root@BLACKTIG3R-PC:~# ssh bandit7@bandit.labs.overthewire.org -p 2220 
This is a OverTheWire game server. More information on http://www.overthewire.org/wargames
bandit7@bandit.labs.overthewire.org's password: 
bandit7@bandit:~$ cat data.txt | grep millionth
millionth       cvX2JJa4CFALtqS87jk27qwqGhBM9plV
bandit7@bandit:~$ 

***************************************************
Bandit Level 8 → Level 9
==============================================
Level Goal

The password for the next level is stored in the file data.txt and is the only line of text that occurs only once
Commands you may need to solve this level

grep, sort, uniq, strings, base64, tr, tar, gzip, bzip2, xxd
Helpful Reading Material

    The unix commandline: pipes and redirects
   
Sol:
root@BLACKTIG3R-PC:~# ssh bandit8@bandit.labs.overthewire.org -p 2220 
This is a OverTheWire game server. More information on http://www.overthewire.org/wargames
bandit7@bandit.labs.overthewire.org's password: 

bandit8@bandit:~$ sort data.txt | uniq -u
UsvVyFSfZZWbi6wgC7dAFyFuR6jQQUhR
bandit8@bandit:~$ 
**************************************************
Bandit Level 9 → Level 10
=================================================
Level Goal

The password for the next level is stored in the file data.txt in one of the few human-readable strings, beginning with several ‘=’ characters.
Commands you may need to solve this level

grep, sort, uniq, strings, base64, tr, tar, gzip, bzip2, xxd

Sol:
root@BLACKTIG3R-PC:~# ssh bandit9@bandit.labs.overthewire.org -p 2220 
This is a OverTheWire game server. More information on http://www.overthewire.org/wargames
bandit9@bandit.labs.overthewire.org's password: 
               
bandit9@bandit:~$ strings data.txt | grep ==
========== theP`
========== password
L========== isA
========== truKLdjsbJ5g7yyJ2X2R0o3a5HQJFuLk
bandit9@bandit:~$ 






